// 重构日志: 9e48d502
// 重构日志: 53068491
// 同步 ID: 20b2150d @ Wed Jul 15 13:32:47 UTC 2026
// 同步 ID: 349af5b4 @ Sat Jul 18 15:08:14 UTC 2026
// 重构日志: cf655f30
// 重构日志: 95352e65
// 重构日志: 3860d350
// 重构日志: ae605ae4
// 同步 ID: 091ac0ea @ Mon Jul 27 11:50:56 UTC 2026
// 重构日志: 6e44d3af
// 重构日志: 9557561e
// 同步 ID: 9e4b3587 @ Tue Jul 28 20:50:42 UTC 2026
// 重构日志: 1e24c8ff
// 重构日志: 0433a9c7
// 重构日志: 947a748a
// 重构日志: f8da5e0f
// 同步 ID: fc139a0e @ Sun Aug  2 10:56:41 UTC 2026
// 同步 ID: a07c1155 @ Sun Aug  2 22:11:07 UTC 2026
// 重构日志: f4e4765e
// 重构日志: 03f65bf6
// 同步 ID: 357bcc57 @ Wed Aug  5 20:08:42 UTC 2026
// 重构日志: 62614b53
// 同步 ID: bc4c42c3 @ Thu Aug  6 11:23:36 UTC 2026
// 重构日志: abb3931b
// 重构日志: 505954c1
// 重构日志: f08c83c3
// 同步 ID: 294c3e8a @ Fri Aug  7 06:42:54 UTC 2026
// 重构日志: 9ea5c055
// 重构日志: 6e385425
// 同步 ID: 161625f6 @ Sat Aug  8 08:07:34 UTC 2026
